// Jest Snapshot v1, https://goo.gl/fbAQLP

exports[`PictureModal render test PictureModal has correct number of images in carousel 1`] = `
<div
  class="modal-dialog custom-modal-dialog modal-lg modal-dialog-centered"
  data-testid="picture-modal"
>
  <div
    class="modal-content"
  >
    <div
      class="carousel"
      data-testid="carousel"
    >
      <div
        class="carousel-inner"
      >
        <div
          class="active carousel-item"
        >
          <img
            class=""
            src="https://cdn.pixabay.com/photo/2015/12/04/14/05/code-1076536_960_720.jpg"
            style="width: 100%; max-height: 90vh;"
          />
        </div>
        <div
          class="carousel-item"
        >
          <img
            class=""
            src="https://cdn.pixabay.com/photo/2016/11/19/14/00/code-1839406_960_720.jpg"
            style="width: 100%; max-height: 90vh;"
          />
        </div>
        <div
          class="carousel-item"
        >
          <img
            class=""
            src="https://cdn.pixabay.com/photo/2016/11/30/20/58/programming-1873854_960_720.png"
            style="width: 100%; max-height: 90vh;"
          />
        </div>
      </div>
      <a
        class="carousel-control-next"
        href="#"
        role="button"
        tabindex="0"
      >
        <span
          aria-hidden="true"
          class="carousel-control-next-icon"
        />
        <span
          class="visually-hidden"
        >
          Next
        </span>
      </a>
    </div>
    <div
      class="modal-btn dropup"
    >
      <button
        aria-expanded="false"
        aria-label="dropdown toggle button"
        class="dropdown-toggle btn btn-primary"
        id="drop-toggle"
        type="button"
      >
        <i
          class="bi bi-three-dots-vertical"
        />
      </button>
    </div>
  </div>
</div>
`;
